D:\Aadithya\MB_Lansub\workspace_mb_lansub\workspace\lpc_chip_175x_6x\inc/core_cm3.h:1405:22:NVIC_SetPriority	16	static
D:\Aadithya\MB_Lansub\workspace_mb_lansub\workspace\lpc_chip_175x_6x\inc/core_cm3.h:1532:26:SysTick_Config	16	static
D:\Aadithya\MB_Lansub\workspace_mb_lansub\workspace\lpc_chip_175x_6x\inc/iocon_17xx_40xx.h:151:20:Chip_IOCON_Init	16	static
D:\Aadithya\MB_Lansub\workspace_mb_lansub\workspace\lpc_chip_175x_6x\inc/gpio_17xx_40xx.h:64:20:Chip_GPIO_Init	16	static
D:\Aadithya\MB_Lansub\workspace_mb_lansub\workspace\lpc_chip_175x_6x\inc/gpio_17xx_40xx.h:144:20:Chip_GPIO_SetPinDIROutput	16	static
../example/src/uart_rb.c:47:6:SysTick_Handler	8	static
../example/src/uart_rb.c:58:13:pllfeed	4	static
../example/src/uart_rb.c:66:13:setpll	16	static
../example/src/uart_rb.c:85:5:main	8	static
